
> @figma/my-make-file@0.0.1 build
> vite build

[36mvite v6.3.5 [32mbuilding for production...[36m[39m
transforming...
[32m✓[39m 2 modules transformed.
[31m✗[39m Build failed in 137ms
[31merror during build:
[31m[vite]: Rollup failed to resolve import "react/jsx-runtime" from "D:/Documents/Phantasia/MediTriage AI Web App Prototype/frontend/src/main.tsx".
This is most likely unintended because it can break your application at runtime.
If you do want to externalize this module explicitly add it to
`build.rollupOptions.external`[31m
    at viteLog (file:///D:/Documents/Phantasia/MediTriage%20AI%20Web%20App%20Prototype/frontend/node_modules/vite/dist/node/chunks/dep-DBxKXgDP.js:46345:15)
    at file:///D:/Documents/Phantasia/MediTriage%20AI%20Web%20App%20Prototype/frontend/node_modules/vite/dist/node/chunks/dep-DBxKXgDP.js:46403:18
    at onwarn (file:///D:/Documents/Phantasia/MediTriage%20AI%20Web%20App%20Prototype/frontend/node_modules/@vitejs/plugin-react/dist/index.js:90:7)
    at file:///D:/Documents/Phantasia/MediTriage%20AI%20Web%20App%20Prototype/frontend/node_modules/vite/dist/node/chunks/dep-DBxKXgDP.js:46401:7
    at onRollupLog (file:///D:/Documents/Phantasia/MediTriage%20AI%20Web%20App%20Prototype/frontend/node_modules/vite/dist/node/chunks/dep-DBxKXgDP.js:46393:5)
    at onLog (file:///D:/Documents/Phantasia/MediTriage%20AI%20Web%20App%20Prototype/frontend/node_modules/vite/dist/node/chunks/dep-DBxKXgDP.js:46043:7)
    at file:///D:/Documents/Phantasia/MediTriage%20AI%20Web%20App%20Prototype/frontend/node_modules/rollup/dist/es/shared/node-entry.js:20981:32
    at Object.logger [as onLog] (file:///D:/Documents/Phantasia/MediTriage%20AI%20Web%20App%20Prototype/frontend/node_modules/rollup/dist/es/shared/node-entry.js:22968:9)
    at ModuleLoader.handleInvalidResolvedId (file:///D:/Documents/Phantasia/MediTriage%20AI%20Web%20App%20Prototype/frontend/node_modules/rollup/dist/es/shared/node-entry.js:21712:26)
    at file:///D:/Documents/Phantasia/MediTriage%20AI%20Web%20App%20Prototype/frontend/node_modules/rollup/dist/es/shared/node-entry.js:21670:26[39m
